../Drivers/CMSIS/Include/core_cm4.h:2064:26:ITM_SendChar	16	static,ignoring_inline_asm
../Core/Src/main.c:125:6:check_buffer_integrity	56	static
../Core/Src/main.c:142:6:calibrate_noise_all_mics	4120	static
../Core/Src/main.c:161:6:delay	16	static
../Core/Src/main.c:168:6:stepper_set_rpm	16	static
../Core/Src/main.c:171:6:stepper_half_drive	16	static
../Core/Src/main.c:233:6:stepper_step_angle	48	static
../Core/Src/main.c:257:6:motor_face_angle	32	static
../Core/Src/main.c:270:6:motor_return_to_90	32	static
../Core/Src/main.c:286:6:init_motor	8	static
../Core/Src/main.c:294:6:DWT_Init	4	static
../Core/Src/main.c:303:10:DWT_GetMicroseconds	4	static
../Core/Src/main.c:314:5:main	144	static
../Core/Src/main.c:519:6:SystemClock_Config	88	static
../Core/Src/main.c:564:6:PeriphCommonClock_Config	32	static
../Core/Src/main.c:585:13:MX_I2S1_Init	8	static
../Core/Src/main.c:619:13:MX_I2S2_Init	8	static
../Core/Src/main.c:653:13:MX_I2S3_Init	8	static
../Core/Src/main.c:687:13:MX_I2S4_Init	8	static
../Core/Src/main.c:721:13:MX_TIM1_Init	32	static
../Core/Src/main.c:767:13:MX_USART2_UART_Init	8	static
../Core/Src/main.c:800:13:MX_USART6_UART_Init	8	static
../Core/Src/main.c:831:13:MX_DMA_Init	16	static
../Core/Src/main.c:859:13:MX_GPIO_Init	48	static
../Core/Src/main.c:906:5:_write	32	static
../Core/Src/main.c:915:6:HAL_I2S_RxCpltCallback	16	static
../Core/Src/main.c:932:6:HAL_I2S_RxHalfCpltCallback	16	static
../Core/Src/main.c:949:6:HAL_GPIO_EXTI_Callback	16	static
../Core/Src/main.c:963:6:Error_Handler	4	static,ignoring_inline_asm
