../Drivers/CMSIS/Include/core_cm4.h:2064:26:ITM_SendChar	16	static,ignoring_inline_asm
../Core/Src/main.c:115:6:myprintf	16	static
../Core/Src/main.c:126:6:start_recording	40	static
../Core/Src/main.c:217:6:write2wave_file	112	dynamic
../Core/Src/main.c:275:6:stop_recording	16	static
../Core/Src/main.c:309:5:main	40	static
../Core/Src/main.c:483:6:SystemClock_Config	88	static
../Core/Src/main.c:529:6:PeriphCommonClock_Config	32	static
../Core/Src/main.c:550:13:MX_I2S1_Init	8	static
../Core/Src/main.c:584:13:MX_I2S2_Init	8	static
../Core/Src/main.c:618:13:MX_I2S3_Init	8	static
../Core/Src/main.c:652:13:MX_I2S4_Init	8	static
../Core/Src/main.c:686:13:MX_SPI5_Init	8	static
../Core/Src/main.c:724:13:MX_USART2_UART_Init	8	static
../Core/Src/main.c:755:13:MX_DMA_Init	16	static
../Core/Src/main.c:783:13:MX_GPIO_Init	40	static
../Core/Src/main.c:819:5:_write	32	static
../Core/Src/main.c:827:6:HAL_I2S_RxCpltCallback	16	static
../Core/Src/main.c:845:6:HAL_I2S_RxHalfCpltCallback	16	static
../Core/Src/main.c:863:6:HAL_GPIO_EXTI_Callback	16	static
../Core/Src/main.c:874:6:Error_Handler	4	static,ignoring_inline_asm
